// Vitest Snapshot v1, https://vitest.dev/guide/snapshot.html

exports[`should > exported 1`] = `
"[foo]
asfd = 1
"
`;
